// Jest Snapshot v1, https://goo.gl/fbAQLP

exports[`renders correctly with all props 1`] = `
<h1
  className="lbh-heading-h1 class1"
  id="1234"
>
  Heading level 1
</h1>
`;

exports[`renders correctly without optional props 1`] = `
<h2
  className="lbh-heading-h2"
>
  Heading level 2
</h2>
`;
